  console.log
    [dotenv@17.2.3] injecting env (24) from .env -- tip: Γתש∩╕ן  override existing env vars with { override: true }

      at _log (node_modules/dotenv/lib/main.js:142:11)

  console.log
    Swagger docs available at /api-docs

      at setupSwagger (src/config/swagger.ts:990:11)

  console.log
    Γ£ו MongoDB connected

      at connectMongo (src/db.ts:35:13)

  console.log
    Γ£ו MongoDB connected

      at connectMongo (src/db.ts:35:13)

node : FAIL tests/auth.test.ts (5.418 s)
At line:1 char:1
+ node node_modules/jest/bin/jest.js tests/auth.test.ts --verbose --for ...
+ ~~~~~~~~~~~~~~~~~~~~~~~~~~~~~~~~~~~~~~~~~~~~~~~~~~~~~~~~~~~~~~~~~~~~~
    + CategoryInfo          : NotSpecified: (FAIL tests/auth.test.ts (5.418 s) 
   :String) [], RemoteException
    + FullyQualifiedErrorId : NativeCommandError
 
  Test Auth Suite
    Γטת Register without required fields (28 ms)
    Γטת Test Registration (123 ms)
    Γטת Register duplicate user fails (19 ms)
    Γטת Test Login (117 ms)
    Γטת Login with incorrect password (84 ms)
    Γטת Login with non-existent user (17 ms)
    Γטת Login without email (4 ms)
    Γטת Login without password (5 ms)
    Γטת Test Refresh Token (53 ms)
    Γטת Test double use of refresh token fails (170 ms)
    Γטת Refresh without refresh token (5 ms)
    Γטת Refresh with invalid token (4 ms)
    Γטת Logout without refresh token (5 ms)
    Γטת Logout successfully (16 ms)
    Γטת Refresh after logout fails (15 ms)
    Γטת Login with OAuth account returns 400 (27 ms)
    ├ק Login with rememberMe: true stores rememberMe flag in DB (17 ms)
    Γטת Login without rememberMe (default) does not set rememberMe flag (217 
ms)
    Γטת Register with rememberMe: true works (111 ms)
    Γטת Refresh token preserves rememberMe flag on rotation (166 ms)
    Γטת Expired refresh token (rememberMe or not) fails (148 ms)
  Test OAuth Suite
    Γטת GET /api/auth/google redirects to Google consent screen (7 ms)
    Γטת GET /api/auth/facebook redirects to Facebook login dialog (7 ms)
    Γטת Google callback without state returns 400 (5 ms)
    Γטת Google callback without code returns 400 (7 ms)
    Γטת Google callback with invalid state returns 500 (7 ms)
    Γטת Facebook callback without state returns 400 (6 ms)
    Γטת Facebook callback without code returns 400 (7 ms)
    Γטת Facebook callback with invalid state returns 500 (6 ms)
    Γטת Google callback with valid state + mocked exchange creates user and 
redirects (90 ms)
    Γטת Facebook callback with valid state + mocked exchange creates user and 
redirects (78 ms)
    Γטת OAuth account merge Γאפ existing local user gets linked to Google (105 
ms)
    Γטת Returning OAuth user reuses existing account (63 ms)
    Γטת Registered user has provider field set to local (147 ms)

  Γקן Test Auth Suite Γא║ Login with rememberMe: true stores rememberMe flag 
in DB

    expect(received).toBe(expected) // Object.is equality

    Expected: 200
    Received: 401

    [0m [90m 203 |[39m       [33m.[39msend({ 
[33m...[39mrememberMeUser[33m,[39m rememberMe[33m:[39m [36mtrue[39m 
})[33m;[39m
     [90m 204 |[39m
    [31m[1m>[22m[39m[90m 205 |[39m     
expect(response[33m.[39mstatus)[33m.[39mtoBe([35m200[39m)[33m;[39m
     [90m     |[39m                             [31m[1m^[22m[39m
     [90m 206 |[39m     expect(response[33m.[39mbody)[33m.[39mtoHavePrope
rty([32m"accessToken"[39m)[33m;[39m
     [90m 207 |[39m     expect(response[33m.[39mbody)[33m.[39mtoHavePrope
rty([32m"refreshToken"[39m)[33m;[39m
     [90m 208 |[39m[0m

      at Object.<anonymous> (tests/auth.test.ts:205:29)

Test Suites: 1 failed, 1 total
Tests:       1 failed, 33 passed, 34 total
Snapshots:   0 total
Time:        5.694 s
Ran all test suites matching tests/auth.test.ts.
Force exiting Jest: Have you considered using `--detectOpenHandles` to detect 
async operations that kept running after all tests finished?
